// Jest Snapshot v1, https://goo.gl/fbAQLP

exports[`ComingSoon renders correctly 1`] = `
<div>
  Hello world
</div>
`;
